This is pdfTeX, Version 3.141592653-2.6-1.40.25 (MiKTeX 24.1) (preloaded format=pdflatex 2025.5.22)  18 JUN 2025 01:14
entering extended mode
 restricted \write18 enabled.
 file:line:error style messages enabled.
 %&-line parsing enabled.
**"c:/Users/User/source/repos/EindhovenClimateInequality/EindhovenClimateInequality/Documentation/CLIMATE INEQUALITY IN EINDHOVEN.tex"
(c:/Users/User/source/repos/EindhovenClimateInequality/EindhovenClimateInequality/Documentation/CLIMATE INEQUALITY IN EINDHOVEN.tex
LaTeX2e <2023-11-01> patch level 1
L3 programming layer <2024-01-04>
(C:\Users\User\AppData\Local\Programs\MiKTeX\tex/latex/base\article.cls
Document Class: article 2023/05/17 v1.4n Standard LaTeX document class
(C:\Users\User\AppData\Local\Programs\MiKTeX\tex/latex/base\size12.clo
File: size12.clo 2023/05/17 v1.4n Standard LaTeX file (size option)
)
\c@part=\count187
\c@section=\count188
\c@subsection=\count189
\c@subsubsection=\count190
\c@paragraph=\count191
\c@subparagraph=\count192
\c@figure=\count193
\c@table=\count194
\abovecaptionskip=\skip48
\belowcaptionskip=\skip49
\bibindent=\dimen140
) (C:\Users\User\AppData\Local\Programs\MiKTeX\tex/latex/graphics\graphicx.sty
Package: graphicx 2021/09/16 v1.2d Enhanced LaTeX Graphics (DPC,SPQR)
 (C:\Users\User\AppData\Local\Programs\MiKTeX\tex/latex/graphics\keyval.sty
Package: keyval 2022/05/29 v1.15 key=value parser (DPC)
\KV@toks@=\toks17
) (C:\Users\User\AppData\Local\Programs\MiKTeX\tex/latex/graphics\graphics.sty
Package: graphics 2022/03/10 v1.4e Standard LaTeX Graphics (DPC,SPQR)
 (C:\Users\User\AppData\Local\Programs\MiKTeX\tex/latex/graphics\trig.sty
Package: trig 2021/08/11 v1.11 sin cos tan (DPC)
) (C:\Users\User\AppData\Local\Programs\MiKTeX\tex/latex/graphics-cfg\graphics.cfg
File: graphics.cfg 2016/06/04 v1.11 sample graphics configuration
)
Package graphics Info: Driver file: pdftex.def on input line 107.
 (C:\Users\User\AppData\Local\Programs\MiKTeX\tex/latex/graphics-def\pdftex.def
File: pdftex.def 2022/09/22 v1.2b Graphics/color driver for pdftex
))
\Gin@req@height=\dimen141
\Gin@req@width=\dimen142
) (C:\Users\User\AppData\Local\Programs\MiKTeX\tex/latex/tools\multicol.sty
Package: multicol 2023/03/30 v1.9f multicolumn formatting (FMi)
\c@tracingmulticols=\count195
\mult@box=\box51
\multicol@leftmargin=\dimen143
\c@unbalance=\count196
\c@collectmore=\count197
\doublecol@number=\count198
\multicoltolerance=\count199
\multicolpretolerance=\count266
\full@width=\dimen144
\page@free=\dimen145
\premulticols=\dimen146
\postmulticols=\dimen147
\multicolsep=\skip50
\multicolbaselineskip=\skip51
\partial@page=\box52
\last@line=\box53
\mc@boxedresult=\box54
\maxbalancingoverflow=\dimen148
\mult@rightbox=\box55
\mult@grightbox=\box56
\mult@firstbox=\box57
\mult@gfirstbox=\box58
\@tempa=\box59
\@tempa=\box60
\@tempa=\box61
\@tempa=\box62
\@tempa=\box63
\@tempa=\box64
\@tempa=\box65
\@tempa=\box66
\@tempa=\box67
\@tempa=\box68
\@tempa=\box69
\@tempa=\box70
\@tempa=\box71
\@tempa=\box72
\@tempa=\box73
\@tempa=\box74
\@tempa=\box75
\@tempa=\box76
\@tempa=\box77
\@tempa=\box78
\@tempa=\box79
\@tempa=\box80
\@tempa=\box81
\@tempa=\box82
\@tempa=\box83
\@tempa=\box84
\@tempa=\box85
\@tempa=\box86
\@tempa=\box87
\@tempa=\box88
\@tempa=\box89
\@tempa=\box90
\@tempa=\box91
\@tempa=\box92
\@tempa=\box93
\@tempa=\box94
\c@minrows=\count267
\c@columnbadness=\count268
\c@finalcolumnbadness=\count269
\last@try=\dimen149
\multicolovershoot=\dimen150
\multicolundershoot=\dimen151
\mult@nat@firstbox=\box95
\colbreak@box=\box96
\mc@col@check@num=\count270
) (C:\Users\User\AppData\Local\Programs\MiKTeX\tex/latex/blindtext\blindtext.sty
Package: blindtext 2012/01/06 V2.0 blindtext-Package
 (C:\Users\User\AppData\Local\Programs\MiKTeX\tex/latex/tools\xspace.sty
Package: xspace 2014/10/28 v1.13 Space after command names (DPC,MH)
)
\c@blindtext=\count271
\c@Blindtext=\count272
\c@blind@countparstart=\count273
\blind@countxx=\count274
\blindtext@numBlindtext=\count275
\blind@countyy=\count276
\c@blindlist=\count277
\c@blindlistlevel=\count278
\c@blindlist@level=\count279
\blind@listitem=\count280
\c@blind@listcount=\count281
\c@blind@levelcount=\count282
\blind@mathformula=\count283
\blind@Mathformula=\count284
\c@blind@randomcount=\count285
\c@blind@randommax=\count286
\c@blind@pangramcount=\count287
\c@blind@pangrammax=\count288
) (C:\Users\User\AppData\Local\Programs\MiKTeX\tex/latex/float\float.sty
Package: float 2001/11/08 v1.3d Float enhancements (AL)
\c@float@type=\count289
\float@exts=\toks18
\float@box=\box97
\@float@everytoks=\toks19
\@floatcapt=\box98
) (C:\Users\User\AppData\Local\Programs\MiKTeX\tex/latex/placeins\placeins.sty
Package: placeins 2005/04/18  v 2.2
) (C:\Users\User\AppData\Local\Programs\MiKTeX\tex/latex/l3backend\l3backend-pdftex.def
File: l3backend-pdftex.def 2024-01-04 L3 backend support: PDF output (pdfTeX)
\l__color_backend_stack_int=\count290
\l__pdf_internal_box=\box99
) (CLIMATE INEQUALITY IN EINDHOVEN.aux)
\openout1 = `"CLIMATE INEQUALITY IN EINDHOVEN.aux"'.

LaTeX Font Info:    Checking defaults for OML/cmm/m/it on input line 10.
LaTeX Font Info:    ... okay on input line 10.
LaTeX Font Info:    Checking defaults for OMS/cmsy/m/n on input line 10.
LaTeX Font Info:    ... okay on input line 10.
LaTeX Font Info:    Checking defaults for OT1/cmr/m/n on input line 10.
LaTeX Font Info:    ... okay on input line 10.
LaTeX Font Info:    Checking defaults for T1/cmr/m/n on input line 10.
LaTeX Font Info:    ... okay on input line 10.
LaTeX Font Info:    Checking defaults for TS1/cmr/m/n on input line 10.
LaTeX Font Info:    ... okay on input line 10.
LaTeX Font Info:    Checking defaults for OMX/cmex/m/n on input line 10.
LaTeX Font Info:    ... okay on input line 10.
LaTeX Font Info:    Checking defaults for U/cmr/m/n on input line 10.
LaTeX Font Info:    ... okay on input line 10.
 (C:\Users\User\AppData\Local\Programs\MiKTeX\tex/context/base/mkii\supp-pdf.mkii
[Loading MPS to PDF converter (version 2006.09.02).]
\scratchcounter=\count291
\scratchdimen=\dimen152
\scratchbox=\box100
\nofMPsegments=\count292
\nofMParguments=\count293
\everyMPshowfont=\toks20
\MPscratchCnt=\count294
\MPscratchDim=\dimen153
\MPnumerator=\count295
\makeMPintoPDFobject=\count296
\everyMPtoPDFconversion=\toks21
) (C:\Users\User\AppData\Local\Programs\MiKTeX\tex/latex/epstopdf-pkg\epstopdf-base.sty
Package: epstopdf-base 2020-01-24 v2.11 Base part for package epstopdf
Package epstopdf-base Info: Redefining graphics rule for `.eps' on input line 485.
 (C:\Users\User\AppData\Local\Programs\MiKTeX\tex/latex/00miktex\epstopdf-sys.cfg
File: epstopdf-sys.cfg 2021/03/18 v2.0 Configuration of epstopdf for MiKTeX
))
LaTeX Font Info:    External font `cmex10' loaded for size
(Font)              <14.4> on input line 11.
LaTeX Font Info:    External font `cmex10' loaded for size
(Font)              <7> on input line 11.


LaTeX Warning: Citation `xing2016impact' on page 1 undefined on input line 18.


LaTeX Warning: Citation `Schwartz01101996' on page 1 undefined on input line 18.


LaTeX Warning: Citation `THURSTON2022107066' on page 1 undefined on input line 18.

LaTeX Font Info:    External font `cmex10' loaded for size
(Font)              <12> on input line 21.
LaTeX Font Info:    External font `cmex10' loaded for size
(Font)              <8> on input line 21.
LaTeX Font Info:    External font `cmex10' loaded for size
(Font)              <6> on input line 21.
[1

{C:/Users/User/AppData/Local/MiKTeX/fonts/map/pdftex/pdftex.map}] [2]

LaTeX Warning: Citation `eindhoven_pm25_data' on page 3 undefined on input line 29.


LaTeX Warning: Citation `eindhoven_incijfers' on page 3 undefined on input line 30.


LaTeX Warning: Citation `eindhoven_groen_data' on page 3 undefined on input line 31.


LaTeX Warning: Citation `eindhoven_buurten_data' on page 3 undefined on input line 32.


Underfull \hbox (badness 10000) in paragraph at lines 32--33
[]\OT1/cmr/m/n/12 Neighborhood Ge-o-graph-i-cal
 []

[3]

LaTeX Warning: Citation `eindhoven_realtime_pm_data' on page 4 undefined on input line 42.


Underfull \hbox (badness 5022) in paragraph at lines 40--43
\OT1/cmr/m/n/12 nu-mer-i-cal columns like Lat-i-tude,
 []


Underfull \hbox (badness 6893) in paragraph at lines 44--45
\OT1/cmr/m/n/12 The csv file is loaded into a
 []

[4]
Underfull \hbox (badness 10000) in paragraph at lines 55--55
[]\OT1/cmr/bx/n/14.4 Machine Learn-ing
 []


Underfull \hbox (badness 10000) in paragraph at lines 68--69
[]\OT1/cmr/m/n/12 Support Vec-tor Re-gres-sor
 []

[5]
<../Images/feature_importance.png, id=29, 570.933pt x 354.123pt>
File: ../Images/feature_importance.png Graphic file (type png)
<use ../Images/feature_importance.png>
Package pdftex.def Info: ../Images/feature_importance.png  used on input line 97.
(pdftex.def)             Requested size: 175.49881pt x 108.853pt.
<../Images/kmeans_clusters.png, id=31, 761.7258pt x 739.3221pt>
File: ../Images/kmeans_clusters.png Graphic file (type png)
<use ../Images/kmeans_clusters.png>
Package pdftex.def Info: ../Images/kmeans_clusters.png  used on input line 106.
(pdftex.def)             Requested size: 175.49881pt x 170.33382pt.
<../Images/kmeans_map.png, id=32, 737.154pt x 692.3466pt>
File: ../Images/kmeans_map.png Graphic file (type png)
<use ../Images/kmeans_map.png>
Package pdftex.def Info: ../Images/kmeans_map.png  used on input line 120.
(pdftex.def)             Requested size: 175.49881pt x 164.8249pt.
 [6 <../Images/feature_importance.png> <../Images/kmeans_clusters.png>]
<../Images/shap_values.png, id=38, 560.8152pt x 303.534pt>
File: ../Images/shap_values.png Graphic file (type png)
<use ../Images/shap_values.png>
Package pdftex.def Info: ../Images/shap_values.png  used on input line 128.
(pdftex.def)             Requested size: 175.49881pt x 94.98381pt.
<../Images/pm25_per_neighborhood.png, id=39, 1438.173pt x 468.3096pt>
File: ../Images/pm25_per_neighborhood.png Graphic file (type png)
<use ../Images/pm25_per_neighborhood.png>
Package pdftex.def Info: ../Images/pm25_per_neighborhood.png  used on input line 137.
(pdftex.def)             Requested size: 175.49881pt x 57.14511pt.


LaTeX Warning: Citation `who2021aqg' on page 7 undefined on input line 142.

[7 <../Images/kmeans_map.png> <../Images/shap_values.png> <../Images/pm25_per_neighborhood.png>]

LaTeX Warning: Citation `smartcities8020053' on page 8 undefined on input line 153.


LaTeX Warning: Citation `unfccc2015paris' on page 8 undefined on input line 155.

[8]
Underfull \hbox (badness 10000) in paragraph at lines 165--165
[]\OT1/cmr/bx/n/17.28 Maintainability
 []

c:/Users/User/source/repos/EindhovenClimateInequality/EindhovenClimateInequality/Documentation/CLIMATE INEQUALITY IN EINDHOVEN.tex:166: Undefined control sequence.
l.166 ...e available in the GitHub repository \url
                                                  {https://github.com/GuiOli...
The control sequence at the end of the top line
of your error message was never \def'ed. If you have
misspelled it (e.g., `\hobx'), type `I' and the correct
spelling (e.g., `I\hbox'). Otherwise just continue,
and I'll forget about whatever was undefined.


Overfull \hbox (110.57745pt too wide) in paragraph at lines 166--168
\OT1/cmr/m/n/12 https://github.com/GuiOliv/EindhovenClimateInequality.
 []


Overfull \vbox (0.43338pt too high) has occurred while \output is active []


Overfull \vbox (7.43338pt too high) has occurred while \output is active []

 [9] (CLIMATE INEQUALITY IN EINDHOVEN.bbl)
File: ../Images/feature_importance.png Graphic file (type png)
<use ../Images/feature_importance.png>
Package pdftex.def Info: ../Images/feature_importance.png  used on input line 178.
(pdftex.def)             Requested size: 234.00238pt x 145.14273pt.


LaTeX Warning: Reference `fig:feature_importance' on page 10 undefined on input line 179.


LaTeX Warning: Reference `fig:feature_importance' on page 10 undefined on input line 179.

File: ../Images/kmeans_clusters.png Graphic file (type png)
<use ../Images/kmeans_clusters.png>
Package pdftex.def Info: ../Images/kmeans_clusters.png  used on input line 185.
(pdftex.def)             Requested size: 234.00238pt x 227.11176pt.

LaTeX Warning: Reference `fig:kmeans_clusters' on page 10 undefined on input line 186.

File: ../Images/kmeans_map.png Graphic file (type png)
<use ../Images/kmeans_map.png>
Package pdftex.def Info: ../Images/kmeans_map.png  used on input line 192.
(pdftex.def)             Requested size: 234.00238pt x 219.78062pt.

LaTeX Warning: Reference `fig:kmeans_map' on page 10 undefined on input line 193.

[10]
File: ../Images/shap_values.png Graphic file (type png)
<use ../Images/shap_values.png>
Package pdftex.def Info: ../Images/shap_values.png  used on input line 199.
(pdftex.def)             Requested size: 234.00238pt x 126.64972pt.


LaTeX Warning: Reference `fig:shap_values' on page 11 undefined on input line 200.


LaTeX Warning: Reference `fig:shap_values' on page 11 undefined on input line 200.

File: ../Images/pm25_per_neighborhood.png Graphic file (type png)
<use ../Images/pm25_per_neighborhood.png>
Package pdftex.def Info: ../Images/pm25_per_neighborhood.png  used on input line 206.
(pdftex.def)             Requested size: 234.00238pt x 76.19588pt.

LaTeX Warning: Reference `fig:pm25_per_neighborhood' on page 11 undefined on input line 207.

[11] (CLIMATE INEQUALITY IN EINDHOVEN.aux)
 ***********
LaTeX2e <2023-11-01> patch level 1
L3 programming layer <2024-01-04>
 ***********


LaTeX Warning: There were undefined references.


LaTeX Warning: Label(s) may have changed. Rerun to get cross-references right.

 ) 
Here is how much of TeX's memory you used:
 1815 strings out of 474486
 32656 string characters out of 5744227
 1942542 words of memory out of 5000000
 24112 multiletter control sequences out of 15000+600000
 564523 words of font info for 57 fonts, out of 8000000 for 9000
 1141 hyphenation exceptions out of 8191
 57i,10n,65p,1621b,343s stack positions out of 10000i,1000n,20000p,200000b,200000s
 <C:\Users\User\AppData\Local\MiKTeX\fonts/pk/ljfour/jknappen/ec/dpi600\tcrm1200.pk> <C:\Users\User\AppData\Local\MiKTeX\fonts/pk/ljfour/jknappen/ec/dpi600\tcrm1095.pk><C:/Users/User/AppData/Local/Programs/MiKTeX/fonts/type1/public/amsfonts/cm/cmbx10.pfb><C:/Users/User/AppData/Local/Programs/MiKTeX/fonts/type1/public/amsfonts/cm/cmbx12.pfb><C:/Users/User/AppData/Local/Programs/MiKTeX/fonts/type1/public/amsfonts/cm/cmex10.pfb><C:/Users/User/AppData/Local/Programs/MiKTeX/fonts/type1/public/amsfonts/cm/cmmi12.pfb><C:/Users/User/AppData/Local/Programs/MiKTeX/fonts/type1/public/amsfonts/cm/cmmi6.pfb><C:/Users/User/AppData/Local/Programs/MiKTeX/fonts/type1/public/amsfonts/cm/cmmi8.pfb><C:/Users/User/AppData/Local/Programs/MiKTeX/fonts/type1/public/amsfonts/cm/cmr10.pfb><C:/Users/User/AppData/Local/Programs/MiKTeX/fonts/type1/public/amsfonts/cm/cmr12.pfb><C:/Users/User/AppData/Local/Programs/MiKTeX/fonts/type1/public/amsfonts/cm/cmr17.pfb><C:/Users/User/AppData/Local/Programs/MiKTeX/fonts/type1/public/amsfonts/cm/cmr8.pfb>
Output written on "CLIMATE INEQUALITY IN EINDHOVEN.pdf" (11 pages, 888285 bytes).
PDF statistics:
 109 PDF objects out of 1000 (max. 8388607)
 0 named destinations out of 1000 (max. 500000)
 26 words of extra memory for PDF output out of 10000 (max. 10000000)

