This is pdfTeX, Version 3.141592653-2.6-1.40.25 (MiKTeX 24.1) (preloaded format=pdflatex 2025.5.22)  22 JUN 2025 15:46
entering extended mode
 restricted \write18 enabled.
 file:line:error style messages enabled.
 %&-line parsing enabled.
**c:/Users/User/source/repos/EindhovenClimateInequality/EindhovenClimateInequality/Documentation/PM2.5_Incidence_Inequality_in_Eindhoven.tex
(c:/Users/User/source/repos/EindhovenClimateInequality/EindhovenClimateInequality/Documentation/PM2.5_Incidence_Inequality_in_Eindhoven.tex
LaTeX2e <2023-11-01> patch level 1
L3 programming layer <2024-01-04>
(C:\Users\User\AppData\Local\Programs\MiKTeX\tex/latex/base\article.cls
Document Class: article 2023/05/17 v1.4n Standard LaTeX document class
(C:\Users\User\AppData\Local\Programs\MiKTeX\tex/latex/base\size12.clo
File: size12.clo 2023/05/17 v1.4n Standard LaTeX file (size option)
)
\c@part=\count187
\c@section=\count188
\c@subsection=\count189
\c@subsubsection=\count190
\c@paragraph=\count191
\c@subparagraph=\count192
\c@figure=\count193
\c@table=\count194
\abovecaptionskip=\skip48
\belowcaptionskip=\skip49
\bibindent=\dimen140
) (C:\Users\User\AppData\Local\Programs\MiKTeX\tex/latex/graphics\graphicx.sty
Package: graphicx 2021/09/16 v1.2d Enhanced LaTeX Graphics (DPC,SPQR)
 (C:\Users\User\AppData\Local\Programs\MiKTeX\tex/latex/graphics\keyval.sty
Package: keyval 2022/05/29 v1.15 key=value parser (DPC)
\KV@toks@=\toks17
) (C:\Users\User\AppData\Local\Programs\MiKTeX\tex/latex/graphics\graphics.sty
Package: graphics 2022/03/10 v1.4e Standard LaTeX Graphics (DPC,SPQR)
 (C:\Users\User\AppData\Local\Programs\MiKTeX\tex/latex/graphics\trig.sty
Package: trig 2021/08/11 v1.11 sin cos tan (DPC)
) (C:\Users\User\AppData\Local\Programs\MiKTeX\tex/latex/graphics-cfg\graphics.cfg
File: graphics.cfg 2016/06/04 v1.11 sample graphics configuration
)
Package graphics Info: Driver file: pdftex.def on input line 107.
 (C:\Users\User\AppData\Local\Programs\MiKTeX\tex/latex/graphics-def\pdftex.def
File: pdftex.def 2022/09/22 v1.2b Graphics/color driver for pdftex
))
\Gin@req@height=\dimen141
\Gin@req@width=\dimen142
) (C:\Users\User\AppData\Local\Programs\MiKTeX\tex/latex/tools\multicol.sty
Package: multicol 2023/03/30 v1.9f multicolumn formatting (FMi)
\c@tracingmulticols=\count195
\mult@box=\box51
\multicol@leftmargin=\dimen143
\c@unbalance=\count196
\c@collectmore=\count197
\doublecol@number=\count198
\multicoltolerance=\count199
\multicolpretolerance=\count266
\full@width=\dimen144
\page@free=\dimen145
\premulticols=\dimen146
\postmulticols=\dimen147
\multicolsep=\skip50
\multicolbaselineskip=\skip51
\partial@page=\box52
\last@line=\box53
\mc@boxedresult=\box54
\maxbalancingoverflow=\dimen148
\mult@rightbox=\box55
\mult@grightbox=\box56
\mult@firstbox=\box57
\mult@gfirstbox=\box58
\@tempa=\box59
\@tempa=\box60
\@tempa=\box61
\@tempa=\box62
\@tempa=\box63
\@tempa=\box64
\@tempa=\box65
\@tempa=\box66
\@tempa=\box67
\@tempa=\box68
\@tempa=\box69
\@tempa=\box70
\@tempa=\box71
\@tempa=\box72
\@tempa=\box73
\@tempa=\box74
\@tempa=\box75
\@tempa=\box76
\@tempa=\box77
\@tempa=\box78
\@tempa=\box79
\@tempa=\box80
\@tempa=\box81
\@tempa=\box82
\@tempa=\box83
\@tempa=\box84
\@tempa=\box85
\@tempa=\box86
\@tempa=\box87
\@tempa=\box88
\@tempa=\box89
\@tempa=\box90
\@tempa=\box91
\@tempa=\box92
\@tempa=\box93
\@tempa=\box94
\c@minrows=\count267
\c@columnbadness=\count268
\c@finalcolumnbadness=\count269
\last@try=\dimen149
\multicolovershoot=\dimen150
\multicolundershoot=\dimen151
\mult@nat@firstbox=\box95
\colbreak@box=\box96
\mc@col@check@num=\count270
) (C:\Users\User\AppData\Local\Programs\MiKTeX\tex/latex/blindtext\blindtext.sty
Package: blindtext 2012/01/06 V2.0 blindtext-Package
 (C:\Users\User\AppData\Local\Programs\MiKTeX\tex/latex/tools\xspace.sty
Package: xspace 2014/10/28 v1.13 Space after command names (DPC,MH)
)
\c@blindtext=\count271
\c@Blindtext=\count272
\c@blind@countparstart=\count273
\blind@countxx=\count274
\blindtext@numBlindtext=\count275
\blind@countyy=\count276
\c@blindlist=\count277
\c@blindlistlevel=\count278
\c@blindlist@level=\count279
\blind@listitem=\count280
\c@blind@listcount=\count281
\c@blind@levelcount=\count282
\blind@mathformula=\count283
\blind@Mathformula=\count284
\c@blind@randomcount=\count285
\c@blind@randommax=\count286
\c@blind@pangramcount=\count287
\c@blind@pangrammax=\count288
) (C:\Users\User\AppData\Local\Programs\MiKTeX\tex/latex/float\float.sty
Package: float 2001/11/08 v1.3d Float enhancements (AL)
\c@float@type=\count289
\float@exts=\toks18
\float@box=\box97
\@float@everytoks=\toks19
\@floatcapt=\box98
) (C:\Users\User\AppData\Local\Programs\MiKTeX\tex/latex/placeins\placeins.sty
Package: placeins 2005/04/18  v 2.2
) (C:\Users\User\AppData\Local\Programs\MiKTeX\tex/latex/url\url.sty
\Urlmuskip=\muskip16
Package: url 2013/09/16  ver 3.4  Verb mode for urls, etc.
) (C:\Users\User\AppData\Local\Programs\MiKTeX\tex/latex/l3backend\l3backend-pdftex.def
File: l3backend-pdftex.def 2024-01-04 L3 backend support: PDF output (pdfTeX)
\l__color_backend_stack_int=\count290
\l__pdf_internal_box=\box99
) (PM2.5_Incidence_Inequality_in_Eindhoven.aux)
\openout1 = `PM2.5_Incidence_Inequality_in_Eindhoven.aux'.

LaTeX Font Info:    Checking defaults for OML/cmm/m/it on input line 11.
LaTeX Font Info:    ... okay on input line 11.
LaTeX Font Info:    Checking defaults for OMS/cmsy/m/n on input line 11.
LaTeX Font Info:    ... okay on input line 11.
LaTeX Font Info:    Checking defaults for OT1/cmr/m/n on input line 11.
LaTeX Font Info:    ... okay on input line 11.
LaTeX Font Info:    Checking defaults for T1/cmr/m/n on input line 11.
LaTeX Font Info:    ... okay on input line 11.
LaTeX Font Info:    Checking defaults for TS1/cmr/m/n on input line 11.
LaTeX Font Info:    ... okay on input line 11.
LaTeX Font Info:    Checking defaults for OMX/cmex/m/n on input line 11.
LaTeX Font Info:    ... okay on input line 11.
LaTeX Font Info:    Checking defaults for U/cmr/m/n on input line 11.
LaTeX Font Info:    ... okay on input line 11.
 (C:\Users\User\AppData\Local\Programs\MiKTeX\tex/context/base/mkii\supp-pdf.mkii
[Loading MPS to PDF converter (version 2006.09.02).]
\scratchcounter=\count291
\scratchdimen=\dimen152
\scratchbox=\box100
\nofMPsegments=\count292
\nofMParguments=\count293
\everyMPshowfont=\toks20
\MPscratchCnt=\count294
\MPscratchDim=\dimen153
\MPnumerator=\count295
\makeMPintoPDFobject=\count296
\everyMPtoPDFconversion=\toks21
) (C:\Users\User\AppData\Local\Programs\MiKTeX\tex/latex/epstopdf-pkg\epstopdf-base.sty
Package: epstopdf-base 2020-01-24 v2.11 Base part for package epstopdf
Package epstopdf-base Info: Redefining graphics rule for `.eps' on input line 485.
 (C:\Users\User\AppData\Local\Programs\MiKTeX\tex/latex/00miktex\epstopdf-sys.cfg
File: epstopdf-sys.cfg 2021/03/18 v2.0 Configuration of epstopdf for MiKTeX
))
LaTeX Font Info:    External font `cmex10' loaded for size
(Font)              <14.4> on input line 12.
LaTeX Font Info:    External font `cmex10' loaded for size
(Font)              <7> on input line 12.
LaTeX Font Info:    External font `cmex10' loaded for size
(Font)              <12> on input line 22.
LaTeX Font Info:    External font `cmex10' loaded for size
(Font)              <8> on input line 22.
LaTeX Font Info:    External font `cmex10' loaded for size
(Font)              <6> on input line 22.
 [1

{C:/Users/User/AppData/Local/MiKTeX/fonts/map/pdftex/pdftex.map}] [2]
Underfull \hbox (badness 10000) in paragraph at lines 33--34
[]\OT1/cmr/m/n/12 Neighborhood Ge-o-graph-i-cal
 []

[3]
Underfull \hbox (badness 5022) in paragraph at lines 41--44
\OT1/cmr/m/n/12 nu-mer-i-cal columns like Lat-i-tude,
 []


Underfull \hbox (badness 6893) in paragraph at lines 45--46
\OT1/cmr/m/n/12 The csv file is loaded into a
 []

[4]
Underfull \hbox (badness 10000) in paragraph at lines 58--58
[]\OT1/cmr/bx/n/14.4 Machine Learn-ing
 []


Underfull \hbox (badness 10000) in paragraph at lines 71--72
[]\OT1/cmr/m/n/12 Support Vec-tor Re-gres-sor
 []

[5]
<../Images/feature_importance.png, id=29, 570.933pt x 354.123pt>
File: ../Images/feature_importance.png Graphic file (type png)
<use ../Images/feature_importance.png>
Package pdftex.def Info: ../Images/feature_importance.png  used on input line 100.
(pdftex.def)             Requested size: 175.49881pt x 108.853pt.
<../Images/kmeans_clusters.png, id=31, 761.7258pt x 739.3221pt>
File: ../Images/kmeans_clusters.png Graphic file (type png)
<use ../Images/kmeans_clusters.png>
Package pdftex.def Info: ../Images/kmeans_clusters.png  used on input line 109.
(pdftex.def)             Requested size: 175.49881pt x 170.33382pt.
 [6 <../Images/feature_importance.png> <../Images/kmeans_clusters.png>]
<../Images/kmeans_map.png, id=37, 737.154pt x 692.3466pt>
File: ../Images/kmeans_map.png Graphic file (type png)
<use ../Images/kmeans_map.png>
Package pdftex.def Info: ../Images/kmeans_map.png  used on input line 123.
(pdftex.def)             Requested size: 175.49881pt x 164.8249pt.
<../Images/shap_values.png, id=38, 560.8152pt x 303.534pt>
File: ../Images/shap_values.png Graphic file (type png)
<use ../Images/shap_values.png>
Package pdftex.def Info: ../Images/shap_values.png  used on input line 131.
(pdftex.def)             Requested size: 175.49881pt x 94.98381pt.
<../Images/pm25_per_neighborhood.png, id=39, 1438.173pt x 468.3096pt>
File: ../Images/pm25_per_neighborhood.png Graphic file (type png)
<use ../Images/pm25_per_neighborhood.png>
Package pdftex.def Info: ../Images/pm25_per_neighborhood.png  used on input line 140.
(pdftex.def)             Requested size: 175.49881pt x 57.14511pt.
 [7 <../Images/kmeans_map.png> <../Images/shap_values.png> <../Images/pm25_per_neighborhood.png>]
<../Images/interim_target_4.png, id=47, 1148.3703pt x 714.7503pt>
File: ../Images/interim_target_4.png Graphic file (type png)
<use ../Images/interim_target_4.png>
Package pdftex.def Info: ../Images/interim_target_4.png  used on input line 152.
(pdftex.def)             Requested size: 175.49881pt x 109.22556pt.
 [8 <../Images/interim_target_4.png>] [9]
Underfull \hbox (badness 10000) in paragraph at lines 177--177
[]\OT1/cmr/bx/n/17.28 Maintainability
 []


Underfull \hbox (badness 10000) in paragraph at lines 178--181
\OT1/cmtt/m/n/12 https : / / github . com / GuiOliv /
 []


Underfull \hbox (badness 10000) in paragraph at lines 178--181
\OT1/cmtt/m/n/12 / / public . zenkit . com / c / uVzZR _
 []


Underfull \hbox (badness 10000) in paragraph at lines 178--181
\OT1/cmtt/m/n/12 LpqQ / eindhoven-[]inequality ? v =
 []

[10] (PM2.5_Incidence_Inequality_in_Eindhoven.bbl
Underfull \hbox (badness 7796) in paragraph at lines 29--35
[]\OT1/cmr/m/n/12 Municipality of Eind-hoven.  Zero-emissiezone en mi-lieu-zone.
 []


Underfull \hbox (badness 10000) in paragraph at lines 29--35
\OT1/cmr/m/n/12 https://www.eindhoven.nl/stad-en-wonen/verkeer/zero-emissiezone-en-
 []


Underfull \hbox (badness 10000) in paragraph at lines 43--49
[]\OT1/cmr/m/n/12 Municipality of Eind-hoven.  Neigh-
 []


Underfull \hbox (badness 10000) in paragraph at lines 43--49
\OT1/cmr/m/n/12 bor-hoods eind-hoven (bu-urten eind-hoven).
 []


Overfull \hbox (93.89914pt too wide) in paragraph at lines 43--49
\OT1/cmr/m/n/12 https://data.eindhoven.nl/explore/dataset/buurten/information/?disjunctive.buurtnaam,
 []


Underfull \hbox (badness 10000) in paragraph at lines 51--56
[]\OT1/cmr/m/n/12 Municipality of Eind-hoven.  Pub-lic green
 []


Underfull \hbox (badness 10000) in paragraph at lines 51--56
\OT1/cmr/m/n/12 spaces eind-hoven (open-baar groen eind-hoven).
 []


Underfull \hbox (badness 10000) in paragraph at lines 51--56
\OT1/cmr/m/n/12 https://data.eindhoven.nl/explore/dataset/openbaar-
 []

[11]
Underfull \hbox (badness 10000) in paragraph at lines 80--85
[]\OT1/cmr/m/n/12 World Health Or-ga-ni-za-tion.  \OT1/cmr/m/it/12 WHO Global Air Qual-ity
 []


Underfull \hbox (badness 10000) in paragraph at lines 80--85
\OT1/cmr/m/it/12 Guide-lines: Par-tic-u-late Mat-ter (PM2.5 and PM10), Ozone,
 []


Underfull \hbox (badness 10000) in paragraph at lines 80--85
\OT1/cmr/m/it/12 Ni-tro-gen Diox-ide, Sul-fur Diox-ide and Car-bon Monox-ide\OT1/cmr/m/n/12 .
 []


Underfull \hbox (badness 5504) in paragraph at lines 80--85
\OT1/cmr/m/n/12 World Health Or-ga-ni-za-tion, Geneva, 2021.  Avail-able from:
 []

)
File: ../Images/feature_importance.png Graphic file (type png)
<use ../Images/feature_importance.png>
Package pdftex.def Info: ../Images/feature_importance.png  used on input line 191.
(pdftex.def)             Requested size: 234.00238pt x 145.14273pt.
 [12]
File: ../Images/kmeans_clusters.png Graphic file (type png)
<use ../Images/kmeans_clusters.png>
Package pdftex.def Info: ../Images/kmeans_clusters.png  used on input line 198.
(pdftex.def)             Requested size: 234.00238pt x 227.11176pt.
File: ../Images/kmeans_map.png Graphic file (type png)
<use ../Images/kmeans_map.png>
Package pdftex.def Info: ../Images/kmeans_map.png  used on input line 205.
(pdftex.def)             Requested size: 234.00238pt x 219.78062pt.
 [13]
File: ../Images/shap_values.png Graphic file (type png)
<use ../Images/shap_values.png>
Package pdftex.def Info: ../Images/shap_values.png  used on input line 212.
(pdftex.def)             Requested size: 234.00238pt x 126.64972pt.
File: ../Images/pm25_per_neighborhood.png Graphic file (type png)
<use ../Images/pm25_per_neighborhood.png>
Package pdftex.def Info: ../Images/pm25_per_neighborhood.png  used on input line 219.
(pdftex.def)             Requested size: 234.00238pt x 76.19588pt.
File: ../Images/interim_target_4.png Graphic file (type png)
<use ../Images/interim_target_4.png>
Package pdftex.def Info: ../Images/interim_target_4.png  used on input line 226.
(pdftex.def)             Requested size: 234.00238pt x 145.64136pt.
 [14] [15] (PM2.5_Incidence_Inequality_in_Eindhoven.aux)
 ***********
LaTeX2e <2023-11-01> patch level 1
L3 programming layer <2024-01-04>
 ***********
 ) 
Here is how much of TeX's memory you used:
 1930 strings out of 474486
 34679 string characters out of 5744227
 1937542 words of memory out of 5000000
 24221 multiletter control sequences out of 15000+600000
 565039 words of font info for 59 fonts, out of 8000000 for 9000
 1141 hyphenation exceptions out of 8191
 57i,10n,65p,1627b,343s stack positions out of 10000i,1000n,20000p,200000b,200000s
 <C:\Users\User\AppData\Local\MiKTeX\fonts/pk/ljfour/jknappen/ec/dpi600\tcrm1200.pk> <C:\Users\User\AppData\Local\MiKTeX\fonts/pk/ljfour/jknappen/ec/dpi600\tcrm1095.pk><C:/Users/User/AppData/Local/Programs/MiKTeX/fonts/type1/public/amsfonts/cm/cmbx10.pfb><C:/Users/User/AppData/Local/Programs/MiKTeX/fonts/type1/public/amsfonts/cm/cmbx12.pfb><C:/Users/User/AppData/Local/Programs/MiKTeX/fonts/type1/public/amsfonts/cm/cmex10.pfb><C:/Users/User/AppData/Local/Programs/MiKTeX/fonts/type1/public/amsfonts/cm/cmmi12.pfb><C:/Users/User/AppData/Local/Programs/MiKTeX/fonts/type1/public/amsfonts/cm/cmmi6.pfb><C:/Users/User/AppData/Local/Programs/MiKTeX/fonts/type1/public/amsfonts/cm/cmmi8.pfb><C:/Users/User/AppData/Local/Programs/MiKTeX/fonts/type1/public/amsfonts/cm/cmr10.pfb><C:/Users/User/AppData/Local/Programs/MiKTeX/fonts/type1/public/amsfonts/cm/cmr12.pfb><C:/Users/User/AppData/Local/Programs/MiKTeX/fonts/type1/public/amsfonts/cm/cmr17.pfb><C:/Users/User/AppData/Local/Programs/MiKTeX/fonts/type1/public/amsfonts/cm/cmr8.pfb><C:/Users/User/AppData/Local/Programs/MiKTeX/fonts/type1/public/amsfonts/cm/cmti12.pfb><C:/Users/User/AppData/Local/Programs/MiKTeX/fonts/type1/public/amsfonts/cm/cmtt12.pfb>
Output written on PM2.5_Incidence_Inequality_in_Eindhoven.pdf (15 pages, 978858 bytes).
PDF statistics:
 134 PDF objects out of 1000 (max. 8388607)
 0 named destinations out of 1000 (max. 500000)
 31 words of extra memory for PDF output out of 10000 (max. 10000000)

